// Jest Snapshot v1, https://goo.gl/fbAQLP

exports[`RoutesList container RoutesList initial snapshot 1`] = `
ShallowWrapper {
  Symbol(enzyme.__root__): [Circular],
  Symbol(enzyme.__unrendered__): <RoutesList
    points={
      Array [
        Object {
          "coordinates": Array [
            55.1,
            38.1,
          ],
          "name": "Name Point1",
        },
        Object {
          "coordinates": Array [
            55.9,
            38,
          ],
          "name": "Name Point2",
        },
      ]
    }
  />,
  Symbol(enzyme.__renderer__): Object {
    "batchedUpdates": [Function],
    "checkPropTypes": [Function],
    "getNode": [Function],
    "render": [Function],
    "simulateError": [Function],
    "simulateEvent": [Function],
    "unmount": [Function],
  },
  Symbol(enzyme.__node__): Object {
    "instance": null,
    "key": undefined,
    "nodeType": "host",
    "props": Object {
      "children": Array [
        <RoutesItem
          id={0}
          point={
            Object {
              "coordinates": Array [
                55.1,
                38.1,
              ],
              "name": "Name Point1",
            }
          }
        />,
        <RoutesItem
          id={1}
          point={
            Object {
              "coordinates": Array [
                55.9,
                38,
              ],
              "name": "Name Point2",
            }
          }
        />,
      ],
      "className": "RoutesListBlock",
    },
    "ref": null,
    "rendered": Array [
      Object {
        "instance": null,
        "key": "0",
        "nodeType": "class",
        "props": Object {
          "id": 0,
          "point": Object {
            "coordinates": Array [
              55.1,
              38.1,
            ],
            "name": "Name Point1",
          },
        },
        "ref": null,
        "rendered": null,
        "type": [Function],
      },
      Object {
        "instance": null,
        "key": "1",
        "nodeType": "class",
        "props": Object {
          "id": 1,
          "point": Object {
            "coordinates": Array [
              55.9,
              38,
            ],
            "name": "Name Point2",
          },
        },
        "ref": null,
        "rendered": null,
        "type": [Function],
      },
    ],
    "type": "div",
  },
  Symbol(enzyme.__nodes__): Array [
    Object {
      "instance": null,
      "key": undefined,
      "nodeType": "host",
      "props": Object {
        "children": Array [
          <RoutesItem
            id={0}
            point={
              Object {
                "coordinates": Array [
                  55.1,
                  38.1,
                ],
                "name": "Name Point1",
              }
            }
          />,
          <RoutesItem
            id={1}
            point={
              Object {
                "coordinates": Array [
                  55.9,
                  38,
                ],
                "name": "Name Point2",
              }
            }
          />,
        ],
        "className": "RoutesListBlock",
      },
      "ref": null,
      "rendered": Array [
        Object {
          "instance": null,
          "key": "0",
          "nodeType": "class",
          "props": Object {
            "id": 0,
            "point": Object {
              "coordinates": Array [
                55.1,
                38.1,
              ],
              "name": "Name Point1",
            },
          },
          "ref": null,
          "rendered": null,
          "type": [Function],
        },
        Object {
          "instance": null,
          "key": "1",
          "nodeType": "class",
          "props": Object {
            "id": 1,
            "point": Object {
              "coordinates": Array [
                55.9,
                38,
              ],
              "name": "Name Point2",
            },
          },
          "ref": null,
          "rendered": null,
          "type": [Function],
        },
      ],
      "type": "div",
    },
  ],
  Symbol(enzyme.__options__): Object {
    "adapter": ReactSixteenAdapter {
      "options": Object {
        "enableComponentDidUpdateOnSetState": true,
        "legacyContextMode": "parent",
        "lifecycles": Object {
          "componentDidUpdate": Object {
            "onSetState": true,
          },
          "getChildContext": Object {
            "calledByRenderer": false,
          },
          "getDerivedStateFromProps": true,
          "getSnapshotBeforeUpdate": true,
          "setState": Object {
            "skipsComponentDidUpdateOnNullish": true,
          },
        },
      },
    },
  },
}
`;
